
> skill-sync@0.1.0 build
> next build

   Γû▓ Next.js 16.0.10 (Turbopack)
   - Environments: .env.local, .env

   Creating an optimized production build ...
 Γ£ô Compiled successfully in 36.8s
   Running TypeScript ...
node.exe : Failed to compile.
At C:\Program Files\nodejs\npm.ps1:29 char:3
+   & $NODE_EXE $NPM_CLI_JS $args
+   ~~~~~~~~~~~~~~~~~~~~~~~~~~~~~
    + CategoryInfo          : NotSpecified: (Failed to compile.:String) [], RemoteException
    + FullyQualifiedErrorId : NativeCommandError
 

./src/app/(dashboard)/dashboard/page.tsx:89:9
Type error: Type '{ user: { skills: ({ skill: { name: string; id: string; }; } & { id: string; userId: string; 
skillId: string; source: SkillSource; isVisible: boolean; endorsementCount: number; })[]; } & { ...; }; ... 4 more 
...; reputation: ReputationStats; } & { ...; }' is missing the following properties from type '{ counts: { proposals: 
number; applications: number; swaps: number; rating: number; }; recentActivity: { id: string; type: string; title: 
string; date: string; }[]; notifications?: Notification[] | undefined; ... 5 more ...; user?: { ...; } | undefined; 
}': counts, recentActivity

[0m [90m 87 |[39m     [33m<[39m[33mmain[39m[33m>[39m
 [90m 88 |[39m       [33m<[39m[33mDashboardClientContent[39m
[31m[1m>[22m[39m[90m 89 |[39m         overview[33m=[39m{overview}
 [90m    |[39m         [31m[1m^[22m[39m
 [90m 90 |[39m         myProposals[33m=[39m{myProposals}
 [90m 91 |[39m         publicOnlyProposals[33m=[39m{publicOnlyProposals}
 [90m 92 |[39m         search[33m=[39m{search}[0m
Next.js build worker exited with code: 1 and signal: null
